// Jest Snapshot v1, https://goo.gl/fbAQLP

exports[`BoolGroup BoolGroup should match shallow snapshot 1`] = `
<g
  id="bools"
/>
`;
