// Jest Snapshot v1, https://goo.gl/fbAQLP

exports[`Button should render correctly with no props 1`] = `
<button
  className="graph-control-button"
/>
`;
