// Jest Snapshot v1, https://goo.gl/fbAQLP

exports[`Edge should match shallow snapshot 1`] = `
<path
  className="path inactive"
  d="M497.651848,69.09890799999998 497.651848,130.885308 "
  data-testid="csc165240->csc236240"
  markerEnd="url(#arrowHead)"
/>
`;
