// Jest Snapshot v1, https://goo.gl/fbAQLP

exports[`FocusBar should match shallow snapshot 1`] = `
Object {
  "asFragment": [Function],
  "baseElement": <body>
    

    <nav>
      
    
      <ul>
        
        
        <li
          id="nav-graph"
        >
          
            
          <a
            href="/graph"
          >
            Graph
          </a>
          
        
        </li>
        
    
      </ul>
      

    </nav>
    

    <div
      class="react-graph"
      id="react-graph"
    />
    

    <div
      id="fcecount"
    />
    <div>
      <div
        class="focus-menu-bar"
      >
        <button
          class="focus-menu-toggle"
        >
          Focuses ткв
        </button>
        <div
          class="focuses-list"
        />
      </div>
    </div>
  </body>,
  "container": <div>
    <div
      class="focus-menu-bar"
    >
      <button
        class="focus-menu-toggle"
      >
        Focuses ткв
      </button>
      <div
        class="focuses-list"
      />
    </div>
  </div>,
  "debug": [Function],
  "findAllByAltText": [Function],
  "findAllByDisplayValue": [Function],
  "findAllByLabelText": [Function],
  "findAllByPlaceholderText": [Function],
  "findAllByRole": [Function],
  "findAllByTestId": [Function],
  "findAllByText": [Function],
  "findAllByTitle": [Function],
  "findByAltText": [Function],
  "findByDisplayValue": [Function],
  "findByLabelText": [Function],
  "findByPlaceholderText": [Function],
  "findByRole": [Function],
  "findByTestId": [Function],
  "findByText": [Function],
  "findByTitle": [Function],
  "getAllByAltText": [Function],
  "getAllByDisplayValue": [Function],
  "getAllByLabelText": [Function],
  "getAllByPlaceholderText": [Function],
  "getAllByRole": [Function],
  "getAllByTestId": [Function],
  "getAllByText": [Function],
  "getAllByTitle": [Function],
  "getByAltText": [Function],
  "getByDisplayValue": [Function],
  "getByLabelText": [Function],
  "getByPlaceholderText": [Function],
  "getByRole": [Function],
  "getByTestId": [Function],
  "getByText": [Function],
  "getByTitle": [Function],
  "queryAllByAltText": [Function],
  "queryAllByDisplayValue": [Function],
  "queryAllByLabelText": [Function],
  "queryAllByPlaceholderText": [Function],
  "queryAllByRole": [Function],
  "queryAllByTestId": [Function],
  "queryAllByText": [Function],
  "queryAllByTitle": [Function],
  "queryByAltText": [Function],
  "queryByDisplayValue": [Function],
  "queryByLabelText": [Function],
  "queryByPlaceholderText": [Function],
  "queryByRole": [Function],
  "queryByTestId": [Function],
  "queryByText": [Function],
  "queryByTitle": [Function],
  "rerender": [Function],
  "unmount": [Function],
}
`;
