// Jest Snapshot v1, https://goo.gl/fbAQLP

exports[`Sidebar should match shallow snapshot 1`] = `
Object {
  "asFragment": [Function],
  "baseElement": <body>
    

    <nav>
      
    
      <ul>
        
        
        <li
          id="nav-graph"
        >
          
            
          <a
            href="/graph"
          >
            Graph
          </a>
          
        
        </li>
        
    
      </ul>
      

    </nav>
    

    <div
      class="react-graph"
      id="react-graph"
    />
    

    <div
      id="fcecount"
    />
    <div>
      <div
        class="collapsed sidebar"
        data-testid="test-toggle"
      >
        <div
          class="fcecount"
          data-testid="test-fcecount"
        >
          FCE Count: 
        </div>
        <div
          class="sidebar-dropdown"
          data-testid="test-sidebar"
        >
          <div>
            <label
              for="header-search"
            >
              <span
                class="label-hidden"
              >
                Search courses
              </span>
            </label>
            <input
              class="search-bar"
              data-testid="test-search-bar"
              id="header-search"
              type="text"
            />
          </div>
          <h3
            class="selected-courses"
          >
            Selected courses
          </h3>
          <div
            class="courses"
            data-testid="test-course-selection"
          />
          <button
            class="reset-selections"
            data-testid="test-reset"
          >
            Reset Selections
          </button>
        </div>
        <div
          class="sidebar-button"
          data-testid="test-sidebar-button"
        >
          <img
            id="sidebar-icon"
            src="/static/res/ico/sidebar.png"
          />
        </div>
      </div>
    </div>
  </body>,
  "container": <div>
    <div
      class="collapsed sidebar"
      data-testid="test-toggle"
    >
      <div
        class="fcecount"
        data-testid="test-fcecount"
      >
        FCE Count: 
      </div>
      <div
        class="sidebar-dropdown"
        data-testid="test-sidebar"
      >
        <div>
          <label
            for="header-search"
          >
            <span
              class="label-hidden"
            >
              Search courses
            </span>
          </label>
          <input
            class="search-bar"
            data-testid="test-search-bar"
            id="header-search"
            type="text"
          />
        </div>
        <h3
          class="selected-courses"
        >
          Selected courses
        </h3>
        <div
          class="courses"
          data-testid="test-course-selection"
        />
        <button
          class="reset-selections"
          data-testid="test-reset"
        >
          Reset Selections
        </button>
      </div>
      <div
        class="sidebar-button"
        data-testid="test-sidebar-button"
      >
        <img
          id="sidebar-icon"
          src="/static/res/ico/sidebar.png"
        />
      </div>
    </div>
  </div>,
  "debug": [Function],
  "findAllByAltText": [Function],
  "findAllByDisplayValue": [Function],
  "findAllByLabelText": [Function],
  "findAllByPlaceholderText": [Function],
  "findAllByRole": [Function],
  "findAllByTestId": [Function],
  "findAllByText": [Function],
  "findAllByTitle": [Function],
  "findByAltText": [Function],
  "findByDisplayValue": [Function],
  "findByLabelText": [Function],
  "findByPlaceholderText": [Function],
  "findByRole": [Function],
  "findByTestId": [Function],
  "findByText": [Function],
  "findByTitle": [Function],
  "getAllByAltText": [Function],
  "getAllByDisplayValue": [Function],
  "getAllByLabelText": [Function],
  "getAllByPlaceholderText": [Function],
  "getAllByRole": [Function],
  "getAllByTestId": [Function],
  "getAllByText": [Function],
  "getAllByTitle": [Function],
  "getByAltText": [Function],
  "getByDisplayValue": [Function],
  "getByLabelText": [Function],
  "getByPlaceholderText": [Function],
  "getByRole": [Function],
  "getByTestId": [Function],
  "getByText": [Function],
  "getByTitle": [Function],
  "queryAllByAltText": [Function],
  "queryAllByDisplayValue": [Function],
  "queryAllByLabelText": [Function],
  "queryAllByPlaceholderText": [Function],
  "queryAllByRole": [Function],
  "queryAllByTestId": [Function],
  "queryAllByText": [Function],
  "queryAllByTitle": [Function],
  "queryByAltText": [Function],
  "queryByDisplayValue": [Function],
  "queryByLabelText": [Function],
  "queryByPlaceholderText": [Function],
  "queryByRole": [Function],
  "queryByTestId": [Function],
  "queryByText": [Function],
  "queryByTitle": [Function],
  "rerender": [Function],
  "unmount": [Function],
}
`;
